▲ Next.js 16.2.11 (Turbopack)
- Environments: .env.local, .env

  Creating an optimized production build ...
✓ Compiled successfully in 28.9s
  Running TypeScript ...
  Finished TypeScript in 16.2s ...
  Collecting page data using 3 workers ...
  Generating static pages using 3 workers (0/11) ...
  Generating static pages using 3 workers (2/11) 
  Generating static pages using 3 workers (5/11) 
  Generating static pages using 3 workers (8/11) 
✓ Generating static pages using 3 workers (11/11) in 956ms
  Finalizing page optimization ...

Route (app)
┌ ○ /
├ ○ /_not-found
├ ƒ /api/auth/[...nextauth]
├ ƒ /api/generate-copy
├ ƒ /api/products
├ ƒ /api/products/[id]
├ ƒ /api/setup
├ ƒ /api/upload
├ ƒ /login
├ ○ /products
├ ƒ /products/[id]
├ ƒ /products/[id]/generate
└ ○ /products/new


ƒ Proxy (Middleware)

○  (Static)   prerendered as static content
ƒ  (Dynamic)  server-rendered on demand

